[1/28] Flat vs UCB ...
   -> Flat 8-12 UCB  (t/coup A=0.24s, B=0.24s)
[2/28] Flat vs UCT ...
   -> Flat 7-13 UCT  (t/coup A=0.24s, B=0.30s)
[3/28] Flat vs RAVE ...
   -> Flat 2-18 RAVE  (t/coup A=0.24s, B=0.31s)
[4/28] Flat vs GRAVE ...
   -> Flat 6-14 GRAVE  (t/coup A=0.23s, B=0.30s)
[5/28] Flat vs PUCT ...
   -> Flat 3-17 PUCT  (t/coup A=0.23s, B=0.35s)
[6/28] Flat vs NMCS-L1 ...
   -> Flat 20-0 NMCS-L1  (t/coup A=0.24s, B=0.01s)
[7/28] Flat vs NRPA-L1 ...
   -> Flat 18-2 NRPA-L1  (t/coup A=0.23s, B=0.55s)
[8/28] UCB vs UCT ...
   -> UCB 13-7 UCT  (t/coup A=0.24s, B=0.28s)
[9/28] UCB vs RAVE ...
   -> UCB 4-16 RAVE  (t/coup A=0.24s, B=0.31s)
[10/28] UCB vs GRAVE ...
   -> UCB 6-14 GRAVE  (t/coup A=0.24s, B=0.30s)
[11/28] UCB vs PUCT ...
   -> UCB 3-17 PUCT  (t/coup A=0.23s, B=0.34s)
[12/28] UCB vs NMCS-L1 ...
   -> UCB 20-0 NMCS-L1  (t/coup A=0.23s, B=0.01s)
[13/28] UCB vs NRPA-L1 ...
   -> UCB 18-2 NRPA-L1  (t/coup A=0.23s, B=0.56s)
[14/28] UCT vs RAVE ...
   -> UCT 5-15 RAVE  (t/coup A=0.27s, B=0.29s)
[15/28] UCT vs GRAVE ...
   -> UCT 6-14 GRAVE  (t/coup A=0.29s, B=0.30s)
[16/28] UCT vs PUCT ...
   -> UCT 5-15 PUCT  (t/coup A=0.28s, B=0.33s)
[17/28] UCT vs NMCS-L1 ...
   -> UCT 20-0 NMCS-L1  (t/coup A=0.28s, B=0.01s)
[18/28] UCT vs NRPA-L1 ...
   -> UCT 18-2 NRPA-L1  (t/coup A=0.28s, B=0.53s)
[19/28] RAVE vs GRAVE ...
   -> RAVE 13-7 GRAVE  (t/coup A=0.31s, B=0.32s)
[20/28] RAVE vs PUCT ...
   -> RAVE 8-12 PUCT  (t/coup A=0.31s, B=0.36s)
[21/28] RAVE vs NMCS-L1 ...
   -> RAVE 20-0 NMCS-L1  (t/coup A=0.29s, B=0.01s)
[22/28] RAVE vs NRPA-L1 ...
   -> RAVE 19-1 NRPA-L1  (t/coup A=0.30s, B=0.56s)
[23/28] GRAVE vs PUCT ...
   -> GRAVE 8-12 PUCT  (t/coup A=0.33s, B=0.38s)
[24/28] GRAVE vs NMCS-L1 ...
   -> GRAVE 20-0 NMCS-L1  (t/coup A=0.30s, B=0.01s)
[25/28] GRAVE vs NRPA-L1 ...
   -> GRAVE 19-1 NRPA-L1  (t/coup A=0.30s, B=0.55s)
[26/28] PUCT vs NMCS-L1 ...
   -> PUCT 20-0 NMCS-L1  (t/coup A=0.32s, B=0.01s)
[27/28] PUCT vs NRPA-L1 ...
   -> PUCT 20-0 NRPA-L1  (t/coup A=0.32s, B=0.52s)
[28/28] NMCS-L1 vs NRPA-L1 ...
   -> NMCS-L1 7-13 NRPA-L1  (t/coup A=0.02s, B=0.59s)

Durée totale : 318.7s
Résultats écrits dans experiments/results/exp1_round_robin.json
