--- (a) Agents étendus vs Flat (mode normal) ---
  MAST vs Flat ...
     -> 12-4  wr=0.75 [0.51, 0.90]  (9.5s)
  SHOT vs Flat ...
     -> 13-3  wr=0.81 [0.57, 0.93]  (7.4s)
  GNRPA-L2 vs Flat ...
     -> 4-12  wr=0.25 [0.10, 0.49]  (32.1s)

--- (b) GNRPA vs NRPA (mêmes paramètres) ---
  GNRPA-L1 vs NRPA-L1 ...
     -> 10-6  wr=0.62 [0.39, 0.82]  (37.4s)
  GNRPA-L2 vs NRPA-L2 ...
     -> 12-4  wr=0.75 [0.51, 0.90]  (37.8s)

--- (c) Mode misère ---
  UCT-misere vs Flat-misere ...
     -> 14-2  wr=0.88 [0.64, 0.97]  (8.7s)
  NMCS-L1-misere vs Flat-misere ...
     -> 2-14  wr=0.12 [0.03, 0.36]  (4.0s)

--- (d) NMCS-L1 discounted vs NMCS-L1 classique ---
  NMCS-L1-disc vs NMCS-L1 ...
     -> 9-7  wr=0.56 [0.33, 0.77]  (0.5s)

Durée : 137.4s, sortie : experiments/results/exp11_extended.json
