
=== Seed 2026 (1/3) ===
   [ 1/21] Flat      6- 4 UCB       (4.7s)
   [ 2/21] Flat      3- 7 UCT       (5.5s)
   [ 3/21] Flat      3- 7 RAVE      (5.8s)
   [ 4/21] Flat      1- 9 GRAVE     (5.3s)
   [ 5/21] Flat      1- 9 PUCT      (5.8s)
   [ 6/21] Flat      8- 2 NRPA-L2   (8.5s)
   [ 7/21] UCB       4- 6 UCT       (5.3s)
   [ 8/21] UCB       3- 7 RAVE      (5.4s)
   [ 9/21] UCB       0-10 GRAVE     (5.1s)
   [10/21] UCB       4- 6 PUCT      (6.0s)
   [11/21] UCB       9- 1 NRPA-L2   (8.7s)
   [12/21] UCT       5- 5 RAVE      (6.4s)
   [13/21] UCT       4- 6 GRAVE     (6.3s)
   [14/21] UCT       3- 7 PUCT      (6.5s)
   [15/21] UCT      10- 0 NRPA-L2   (8.6s)
   [16/21] RAVE      5- 5 GRAVE     (6.3s)
   [17/21] RAVE      7- 3 PUCT      (7.0s)
   [18/21] RAVE      9- 1 NRPA-L2   (9.2s)
   [19/21] GRAVE     3- 7 PUCT      (7.2s)
   [20/21] GRAVE     9- 1 NRPA-L2   (8.9s)
   [21/21] PUCT     10- 0 NRPA-L2   (8.9s)

=== Seed 4242 (2/3) ===
   [ 1/21] Flat      2- 8 UCB       (4.8s)
   [ 2/21] Flat      3- 7 UCT       (5.5s)
   [ 3/21] Flat      1- 9 RAVE      (5.2s)
   [ 4/21] Flat      3- 7 GRAVE     (5.5s)
   [ 5/21] Flat      1- 9 PUCT      (6.0s)
   [ 6/21] Flat     10- 0 NRPA-L2   (7.4s)
   [ 7/21] UCB       6- 4 UCT       (5.0s)
   [ 8/21] UCB       4- 6 RAVE      (5.1s)
   [ 9/21] UCB       3- 7 GRAVE     (5.5s)
   [10/21] UCB       1- 9 PUCT      (6.2s)
   [11/21] UCB      10- 0 NRPA-L2   (8.2s)
   [12/21] UCT       5- 5 RAVE      (6.3s)
   [13/21] UCT       5- 5 GRAVE     (6.0s)
   [14/21] UCT       5- 5 PUCT      (6.9s)
   [15/21] UCT       9- 1 NRPA-L2   (8.9s)
   [16/21] RAVE      5- 5 GRAVE     (6.1s)
   [17/21] RAVE      5- 5 PUCT      (6.4s)
   [18/21] RAVE     10- 0 NRPA-L2   (7.9s)
   [19/21] GRAVE     0-10 PUCT      (6.2s)
   [20/21] GRAVE    10- 0 NRPA-L2   (8.0s)
   [21/21] PUCT     10- 0 NRPA-L2   (8.2s)

=== Seed 9001 (3/3) ===
   [ 1/21] Flat      3- 7 UCB       (4.3s)
   [ 2/21] Flat      6- 4 UCT       (4.9s)
   [ 3/21] Flat      3- 7 RAVE      (5.3s)
   [ 4/21] Flat      2- 8 GRAVE     (5.3s)
   [ 5/21] Flat      0-10 PUCT      (4.8s)
   [ 6/21] Flat      8- 2 NRPA-L2   (7.6s)
   [ 7/21] UCB       5- 5 UCT       (4.6s)
   [ 8/21] UCB       3- 7 RAVE      (5.0s)
   [ 9/21] UCB       3- 7 GRAVE     (5.2s)
   [10/21] UCB       3- 7 PUCT      (5.6s)
   [11/21] UCB      10- 0 NRPA-L2   (7.5s)
   [12/21] UCT       6- 4 RAVE      (5.7s)
   [13/21] UCT       4- 6 GRAVE     (5.5s)
   [14/21] UCT       0-10 PUCT      (5.9s)
   [15/21] UCT       9- 1 NRPA-L2   (7.7s)
   [16/21] RAVE      5- 5 GRAVE     (5.8s)
   [17/21] RAVE      5- 5 PUCT      (6.4s)
   [18/21] RAVE     10- 0 NRPA-L2   (7.8s)
   [19/21] GRAVE     6- 4 PUCT      (6.3s)
   [20/21] GRAVE    10- 0 NRPA-L2   (8.0s)
   [21/21] PUCT     10- 0 NRPA-L2   (8.2s)

Durée : 404.2s, sortie : experiments/results/exp6_multiseed.json
