[1/10] Flat vs UCT ...
   -> Flat 4-6 UCT  (t/coup A=0.49s, B=0.60s)
[2/10] Flat vs RAVE ...
   -> Flat 0-10 RAVE  (t/coup A=0.51s, B=0.66s)
[3/10] Flat vs GRAVE ...
   -> Flat 4-6 GRAVE  (t/coup A=0.55s, B=0.69s)
[4/10] Flat vs PUCT ...
   -> Flat 1-9 PUCT  (t/coup A=0.54s, B=0.80s)
[5/10] UCT vs RAVE ...
   -> UCT 3-7 RAVE  (t/coup A=0.65s, B=0.68s)
[6/10] UCT vs GRAVE ...
   -> UCT 6-4 GRAVE  (t/coup A=0.65s, B=0.69s)
[7/10] UCT vs PUCT ...
   -> UCT 4-6 PUCT  (t/coup A=0.60s, B=0.73s)
[8/10] RAVE vs GRAVE ...
   -> RAVE 5-5 GRAVE  (t/coup A=0.63s, B=0.63s)
[9/10] RAVE vs PUCT ...
   -> RAVE 4-6 PUCT  (t/coup A=1.08s, B=1.30s)
[10/10] GRAVE vs PUCT ...
   -> GRAVE 4-6 PUCT  (t/coup A=0.91s, B=1.12s)

Durée : 145.3s, sortie : experiments/results/exp9_6x6.json
