>>> C:\Users\CYTech Student\AppData\Local\Programs\Python\Python310\python.exe experiments/exp2_budget.py --size 5 --games 16 --budgets 50 100 200 400
UCT budget=50 vs Flat-200 ...
   -> winrate=0.50  (4.7s)
UCT budget=100 vs Flat-200 ...
   -> winrate=0.25  (5.9s)
UCT budget=200 vs Flat-200 ...
   -> winrate=0.62  (8.1s)
UCT budget=400 vs Flat-200 ...
   -> winrate=0.69  (13.1s)
RAVE budget=50 vs Flat-200 ...
   -> winrate=0.69  (4.8s)
RAVE budget=100 vs Flat-200 ...
   -> winrate=0.62  (5.6s)
RAVE budget=200 vs Flat-200 ...
   -> winrate=0.75  (8.0s)
RAVE budget=400 vs Flat-200 ...
   -> winrate=0.88  (12.8s)
GRAVE budget=50 vs Flat-200 ...
   -> winrate=0.56  (5.8s)
GRAVE budget=100 vs Flat-200 ...
   -> winrate=0.62  (6.7s)
GRAVE budget=200 vs Flat-200 ...
   -> winrate=0.88  (8.9s)
GRAVE budget=400 vs Flat-200 ...
   -> winrate=0.81  (12.7s)
PUCT budget=50 vs Flat-200 ...
   -> winrate=0.62  (4.7s)
PUCT budget=100 vs Flat-200 ...
   -> winrate=0.94  (6.8s)
PUCT budget=200 vs Flat-200 ...
   -> winrate=0.88  (8.6s)
PUCT budget=400 vs Flat-200 ...
   -> winrate=0.94  (12.8s)

Résultats écrits dans experiments/results/exp2_budget.json
>>> C:\Users\CYTech Student\AppData\Local\Programs\Python\Python310\python.exe experiments/exp3_heavy.py --size 5 --budget 200 --games 16
UCT-biased vs UCT-random ...
   -> 11-5 (winrate 0.69, 12.9s)
UCT-epsilon vs UCT-random ...
   -> 11-5 (winrate 0.69, 10.9s)
RAVE-biased vs RAVE-random ...
   -> 11-5 (winrate 0.69, 12.4s)
RAVE-epsilon vs RAVE-random ...
   -> 15-1 (winrate 0.94, 11.0s)
GRAVE-biased vs GRAVE-random ...
   -> 13-3 (winrate 0.81, 11.6s)
GRAVE-epsilon vs GRAVE-random ...
   -> 10-6 (winrate 0.62, 10.7s)

Résultats écrits dans experiments/results/exp3_heavy.json
>>> C:\Users\CYTech Student\AppData\Local\Programs\Python\Python310\python.exe experiments/exp4_uct_c.py --size 5 --budget 200 --games 20 --c-values 0.1 0.3 0.5 0.8 1.4
UCT c=0.1 vs Flat ...
   -> winrate=0.50  (9.7s)
UCT c=0.3 vs Flat ...
   -> winrate=0.70  (9.4s)
UCT c=0.5 vs Flat ...
   -> winrate=0.75  (9.7s)
UCT c=0.8 vs Flat ...
   -> winrate=0.55  (9.6s)
UCT c=1.4 vs Flat ...
   -> winrate=0.65  (9.4s)

Résultats écrits dans experiments/results/exp4_uct_c.json
>>> C:\Users\CYTech Student\AppData\Local\Programs\Python\Python310\python.exe experiments/exp5_size.py --budget 150 --games 8 --sizes 4 5 6 7
Size 4x4 ...
   -> winrate=0.88  t/coup GRAVE=0.067s Flat=0.044s  (0.9s)
Size 5x5 ...
   -> winrate=0.75  t/coup GRAVE=0.212s Flat=0.157s  (3.0s)
Size 6x6 ...
   -> winrate=0.50  t/coup GRAVE=0.633s Flat=0.499s  (9.1s)
Size 7x7 ...
   -> winrate=0.75  t/coup GRAVE=1.469s Flat=1.144s  (20.9s)

Résultats écrits dans experiments/results/exp5_size.json
>>> C:\Users\CYTech Student\AppData\Local\Programs\Python\Python310\python.exe experiments/make_plots.py
wrote H:\Desktop\Monte_Carlo-Tree-Search\report\figures\fig_round_robin.png
wrote H:\Desktop\Monte_Carlo-Tree-Search\report\figures\fig_round_robin_ranking.png
wrote H:\Desktop\Monte_Carlo-Tree-Search\report\figures\fig_budget.png
wrote H:\Desktop\Monte_Carlo-Tree-Search\report\figures\fig_heavy.png
wrote H:\Desktop\Monte_Carlo-Tree-Search\report\figures\fig_uct_c.png
wrote H:\Desktop\Monte_Carlo-Tree-Search\report\figures\fig_size.png
All done in 284.9s
